---end scope---
---end scope---
isOk BOOL -1
line 10: syntax error
