---end scope---
x INT -1
y INT -2
---end scope---
---end scope---
---end scope---
---end scope---
i INT 0
---end scope---
x INT 1
---end scope---
line 24: syntax error
