1 AND and
1 ID And
2 OR or
2 ID Or
3 NOT not
3 ID Not
4 TRUE true
4 ID True
5 FALSE false
5 ID False
6 RETURN return
6 ID Return
7 IF if
7 ID If
8 IF if
8 ID IF
9 ELSE else
9 ID Else
10 ELSE else
10 ID ELSE
11 WHILE while
11 ID While
12 BREAK break
12 ID Break
13 BREAK break
13 ID BREAK
14 CONTINUE continue
14 ID Continue
15 CONTINUE continue
15 ID CONTINUE
16 NUM 1
16 BINOP /
16 NUM 2
16 SC ;
