1 STRING incep-
1 BINOP -
1 ID tion
Error unclosed string
