1 STRING Hex value jFj
2 ID blah
Error undefined escape sequence q
