---end scope---
x INT 0
y BYTE 1
myset1 SET 2
z BOOL 3
---end scope---
print (STRING)->VOID 0
printi (INT)->VOID 0
main ()->VOID 0
