---end scope---
---end scope---
---end scope---
---end scope---
myset1 SET 0
x BOOL 1
---end scope---
print (STRING)->VOID 0
printi (INT)->VOID 0
foo ()->INT 0
main ()->VOID 0
