---end scope---
x INT 0
y BYTE 1
z BOOL 2
myset1 SET 3
myset2 SET 4
---end scope---
print (STRING)->VOID 0
printi (INT)->VOID 0
main ()->VOID 0
