---end scope---
bin BOOL -1
ina BYTE -2
line 7: type mismatch
