---end scope---
foo BYTE -1
line 5: identifier c is already defined
